100
100
PPPPPPPPPPPPPPPPPPPPPPPPPPPPPPPPPPPPPPPPPPPPPPPPPPPPPPPPPPPPPPPPPPPPPPPPPPPPPPPPPPPPPPPPPPPPPPPPPPPP
PPPPPPPPPPPPPPPPPPPPPPPPPPPPPPPPPPPPPPPPPPPPPPPPPPPPPPPPPPPPPPPPPPPPPPPPPPPPPPPPPPPPPPPPPPPPPPPPPPPP
PPPPPPPPPPPPPPPPPPPPPPPPPPPPPPPPPPPPPPPPPPPPPPPPPPPPPPPPPPPPPPPPPPPPPPPPPPPPPPPPPPPPPPPPPPPPPPPPPPPP
PPPAAAAAAAAAAAAAAAAAAAAAAAAAAAAAAAAAAASSAAAAAAAAAASSAAAASSAAAAAAAAAAAAAAAAAAAASSAAAAASSAAAKASSASSPPP
PPPAAAAAAAAAAAAAAAAAAAAAAAAASAAAAAAAAAASSAAAAAAAASSSSASSSSAAAAAAAAAAAAAAAAAAAASSAAAAASSAAAASSASSAPPP
PPPAAAAAAAAAAAAAAAAAAAAAAASSSSAAAAAAAAASSAAAAAAAASSSSSSSAAAAAAAAAAAAAAAAAAAAASSAAAAASSAAAAAASSAAAPPP
PPPAAAAAAAAAAAAAAAAAAAAASSSSASSSSAAASASSSASASSASSSSAASAAAAAAAAAAAAAAAAAAAAAAAASSAAAASSAAAAAAASSAAPPP
PPPAAAAAAAAAAAAAAAAAAAASSSAAAASSSSSSSSSSASSSSSSSSASSAAAAAAAAAAAAAAAAAAAAAAAAAASSAAAAASSAAAAAASSAAPPP
PPPAAAAAAAAAAASAAAAAASSSAAAAAAAAASSSASASSSASAASAASSAAAAAAAAAAAAAAAAAAAAAAAAAAAASSAAASSAAAAAAASSAAPPP
PPPAAAAAAAAAASSSASSSSSSAAAAAAAAAAAAAAAAASAAAAAAAAASSAAAAAAAAAAAAAAAAAAAAAAAAAAASSAASSAAAAAAAAASSAPPP
PPPAAASSAAAASSASSSSSSAAAAAAAAAAAAAAAAAAASSAAAAAAAAASSAAAAAAAAAAAAAAAAAAAAAAAAAAASSASSAAAAAAAASSSSPPP
PPPSASSSSASSSAAASAAAAAAAAAAAAAAAAAAAAAAASSAAAAAAAAASSAAAAAAAAAAAAAAAAAAAAAAAAAAASSAASSAAAAAAAASSAPPP
PPPSSSAASSSSAAAAAAAAAAAAAAAAAAAAAAAAAAAASSAAAAAAAASSAAAAAAAAAAAAAAAAAAAAAAAAAAAAASSSSSSSSSSSSSSSAPPP
PPPASAAAASAAAAAAAAAAAAAAAAAAAAAAAAAAAAAAASSAAAAAAAASSAAAAAAAAAAAAAAAAAAAAAAAAAAASSASSSMMMMMMMMMSAPPP
PPPAAAAAAAAAAAAAAAAAAAAAAAAAAAAAAAAAAAAAAASSAAAAAAASSAAAAAAAAAAAAAAAAAAAAAAAAAASSAAAASMSSSSSSSMSAPPP
PPPAAAAAAAAAAAAAAAAAAAAAAAAAAAAAAAAAAAAAAASSAAAAAASSAAAAAAAAAAAAAAAKAAAAAAAAAAAAAAAAASMSSSSSSSMSAPPP
PPPAAAAAAAAAAAAAAAAAAAAAAAAAAAAAAAAAAAAAAAASSAAAAASSAAAAAAAAAAAAAAAAAAAAAAAAAAAAAAAAASMSSSSSSSMSAPPP
PPPAAAAAAAAAAAAAAAAAAAAAAAAAAAAAAAAAAAAAAAASSAAAAASSAAAAAAAAAAAAAAAAAAAAAAAAAAASSAAAASMSSSSSSSMSAPPP
PPPAAAAAAAAAAAAAAAAAAAAAAAAAAAAAAAAAAAAAAASSAAAAAASSAAAAAAAAAAAAAAAAAAAAAAAAAAAASSAAASMSSSSSSSDSAPPP
PPPAAAAAAKAAAAAAAAAAAAAAAAAAAAAAAAAAAAAAAASSAAAAAAASSAAAAAAAAAAAAAAAAAAAAAAAAAAAASSAASMSSSSSSSMSAPPP
PPPAAAAAAAAAAAAAAAAAAAAAAAAAAAAAAAAAAAAAASSAAAAAAAASSAAAAAAAAAAAAAAAAAAAAAAAAAAAASSAASMSSSSSSSMSAPPP
PPPAAAAAAAAAAAAAAAAAAAAAAAAAAAAAAAAAAAAAKASSAAAAAAAASSAAAAAAAAAAAAAAAAAAAAAAAAAASSAAASMMMMMMMMMSAPPP
PPPAAAAAAAAAAKTTTTTTTKAAAAAAAAAAAAAAAAAAAAASSAAAAAASSAAAAAAAAAAAAAAAAAAAAAAAAAAAASSAASSSSSSSSSSSAPPP
PPPKAAAAAAAAATTTTTTTTTAAAAAAAAAAAAAAAAAAAASSAAAAAASSAAAAAAAAAAAAAAAAAAAAAAAAAAAAASSASSAAAAAAAASSAPPP
PPPAAAAAAAAAATTTTTTTTTAAAAAAAAAAAAAAAAAAAAASSAAAAAASSAAAAAAAAAAAAAAAAAAAAAASSSSSSSSSSSAAAAAAASSAAPPP
PPPAAAAAAAAAATTTTTTTTTAAAAAAAAAAAAAAAAAAAAASSAAAAAASSAAAAAAAAAAAAAAAAAAAAAASMMMMMMMMMSAAAAAAASSAAPPP
PPPAAAAAAAAAATTTTTTTTTAAAAAAAAAAAAAAAAAAAAAASSAAAAASSAAAAAAAAAAAAAAAAAAAAAASMSSSSSSSDSAAAAAAAASSAPPP
PPPAAAAAAAAAATTTTTTTTTAAAAAAAAAAAAAAAAAAAAAAASSAAAASSAAAAAAAAAAAAAAAAAAAAAASMSSSSSSSMSAAAAAAAASSAPPP
PPPAAAAAAAAAATTTTTTTTTAAAAKAAAAAAAAAAAAAAAAAAASSAAASSAAAAAAAAAAAAAAAAAAAAAASMSSSSSSSMSAAAAAAASSAAPPP
PPPAAAAAAAAAATTTTTTTTTAAAAAAAAAAKAAAAAAAAAAAASSAAASSAAAAAAAAAAAAAAAAAAAAAAASMSSSSSSSMSAAAAAAAASSAPPP
PPPAAAAKAAAAATTTTTTTTTAAAAAAAAAAAAAAAAAAAAAAASSAAASSAAAAAAAAAAAAAAAAAAAAAAASMSSSSSSSMSAAAAASAASSAPPP
PPPAAAAAAAAAATTTTTTTTTAAAAAAAAAAAAAAAAAAAAAAASSAAAASSAAAAAAAAAAAAAAAAAAAAAASMSSSSSSSMSAAASSSSSSSSPPP
PPPAAAAAAAAAATTTTTTTTTAAAAAAAAAAAAAAAAAAAAAAASSAAAAASSAAAAAAAAAAAAAAAAAAAAASMSSSSSSSMSAASSSASSSAAPPP
PPPAAAAAAAAAATTTTTTTTTAAAAAAAAAAAAAAAAAAAAAAAASSAAAAASSAAAAAAAAAAAAAAAASKSSSMMMMMMMMMSSSSAAAASSAAPPP
PPPAAAAAAAAAATTTTTTTTTAAAAAAAAAAAAAAAAAAAAAAASSAAAAAASSAAAAAAAAAAAAAASSSSSSSSSSSSSSSSSSSAAAASSAAAPPP
PPPSSAAAASSSAKTTTTTTTKAAAAAAAAAAAAAAAAAAAAAAASSAAAAAAASSAAAAAAAAAAAASSSASAAAAAAAAASSSSAAAAAAASSAAPPP
PPPSSSAASSSSSSSSSSSAASSAAAAAAASAAAAAAAAAAAAASSAAAAAAASSAAAAAAAAAAAASSAAAAAAAAAAAAASSSSAAAAAAASSAAPPP
PPPAASSSSAAASAASSSSSSSSSSSASSSSSSASAAAAAAAAASSSAAAAAAASSAAAAAAAASASSAAAAAAAAAAAAASSAASSAAAAAAASSAPPP
PPPAAASSAAAAAAAAAAASSAASSSSSSSASSSSSSASASAASSSSSAAAAAAASSAAASAASSSSAAAAAAAAAAAAAAASSSSAAAAAAASSAAPPP
PPPAAAAAAAAAAAAAAAAAAAAAAASAAAAAASASSSSSSSSSSSASSSSSSASSAASSSSSSASAAAAAAAAAAAAAAAAAASSAAAAAAASSAAPPP
PPPAAAAAAAAAAAAAAAAAAAAAAAAAAAAAAAAAASASASSSSAAASSSSSSSSASSSASSAAAAAAAAAAAAAAAAAAAASSSSAAAAASSAAAPPP
PPPAAAAAAAAAAAAAAAAAAAAAAAAAAAAAAAAAAAAAAASSAAAAAAAAASBSSSBBBBBBBBBBAAAAAAAAAAAAAAAASSAAAAAAASSAAPPP
PPPAAAAAAAAAAAAAAAAAAAAAAAAAAAAAAAAAAAAAASSAAAAASSSSSSSSSSSBBBBBBBBBAAAAAAAKABBBBBBBSSBBBAAAAASSAPPP
PPPAAAAAAAAAAAAAAAAAAAAAAAAAAAAAAAAAAAAAAASSAAAASMMMMMMDMMSBBBBBBBBBAAAAAAAAABBBBBBBSSBBBAAAASSAAPPP
PPPAAAAAAAAAAAAAAAAAAAAAAAAAAAAAAAAAAAAAAAASSAAASMSSSSSSSMSBBBBBBBBBBBAABBBBBBBBBBBSSSSBBAAASSAAAPPP
PPPAAAAAAAAAAAAAAAAAAAAAAAAAAAAAAAAAAAAAAASSAAAASMSSSSSSSMSBBBBBBBBBBBBAABBBBBBBBBBSSBSSBAASSAAAAPPP
PPPAAAAAAAAAAAAAAAAAAAAAAAAAAAAAAAAAAAAAASSKAAAASMSSSSSSSMSBBBBBBBBBBBBAABBBBBBBBBSSBBBSSAAASSAAAPPP
PPPAAAAAAAAAAAAAAAAAAAAAAAAAAAAAAAAAAAAAAASSAAAASMSSSSSSSMSBBBBBBBBBBBBBAABBBBBBBBBSSBBSSAAASSAAAPPP
PPPAAAAAAAAAAAAAAAAAAAAAAAAAAAAAAAAAAAAAAAASSAAASMSSSSSSSMSBBBBBBBBBBBBBAABBBBBBBBSSBBBSSAAAASSAAPPP
PPPAAAAAAAAAAAAAAAAAAAAAAAAAAAAAAAAAAAAAAAASSAAASMSSSSSSSMSBBBBBBBBBBBBAABBBBBBBBBSSBBBSSAAAAASSAPPP
PPPAAAAAAAAAAAAAAAAAAAAAAAAAAAAAAAABBBBBBBSSBBBBSMSSSSSSSMSBBBBBBBBBBBBBAABBBBBBBBSSBBBSSAAAAKASSPPP
PPPAAAAAAAAAAAAAAAAAAAAAAAAAAAAASAABBBBBBBBSSBBBSMMMMMMMMMSBBBBBBBBBBBBBBAABBBBBBBBSSBSSBAAAAAASSPPP
PPPAAAAAAAAAAAAAAAAAAAAAAAAAASASSSASBBBBBBSSBBBBSSSSSSSSSSSBBBBBBBBBBBBBBAABBBBBBBBBSSSSBAAAAAASSPPP
PPPAAAAAAAAAAAAAAAAAAAASSASSSSSSASSSSSBSBSSBSBBBBAAAAABBSSBBBBBBBBSBBBBBAABBBBBBBBSBBSSBBASSSSSASPPP
PPPASAAAAAAAAAAAAAAAASSSSSSSSASAAASBSSSSSBBSSSSBBASASABBBSSBBSBSBSSSBBBAABBBBKBBBSSSSSASASSSSSSSSPPP
PPPSSSAABSBBBBSSSBAASSSAASAAAAAAAAABBBSBSSSSBSSSBSSSSSAAASSASSSSSSASSBBBSBBSSSSSSSBSASSSSSAAAAASAPPP
PPPSASSASSSSSSSSSSSSSAAAAAAAAAAAAAABBBBBBSSBBBBSSSASASSSASSSSASASAAASSSSSSSSSSSSSBBBSSAASAAAAAAAAPPP
PPPSASSSSSSSSSSBBSSSAAAAAAAAAAAAAAABBBBBSSBBBBBBSAAAAASSSSASAAAAASASSSSSBSSSBBBBBBBBASAAAAAAAAAAAPPP
PPPSSSASBSBBBBSSBBAAAAAAAAAAAAAAAAABBBBSSBBBBBBBBAAAAAASSAAAAAAASSSSSBBBAABSSBBBSBBBSSSAAASSAAAAAPPP
PPPASAAABBBBBBBSSSAAAAAAAAAAAAAASAABBBBBSSBBBBBBBAAAAAAASSAAAAASSASABBBBBAABSSBSSSBSSASSSSSSSAAAAPPP
PPPAAAAABBBBBBBBSSSAAAAAAAASSASSSSABBBBBBSSBBBBBBAAAAASASSAAASSSAAAAAAAAAAAAASSSASSSSSASSSAASSAAAPPP
PPPAAAAABBBBBBBBBBSSASSSAASSSSSSASSBBBBBSSBBBBBBBAAAASSSASSASSSSAAAAAAAAAAAAAASAAASAASSAAAAAASSASPPP
PPPAAAAABBBBBBBBBBASSSSSSSSAASAAAASSBBBBBSSBSSBBBSAASSASSSSSSSSSSSAAASSSAASSASSASSAAASSASAASSASSSPPP
PPPAAAAABBBBBBBBBBAASAAASSAAAAAAAAASSSSSSSBSSSBSSSSSSSSASSSSSSSASSSSSSSSAASSSSSSSSSSASSSSSSSSAASSPPP
PPPAAAAABBBBBBBBBBAAAAAAAAAAAAAAAAAASSSSASSSAASSSASSASSSASSSSAAAAASSSAAAAAAASAASAASSSSSSASSAAAAASPPP
PPPAAAAAAAAAAAAAAAAAAAAAAAAAAAAAAAAAAAAAASSAASSAAAAAAAASSSASAAAAAAAAAAAAAAAAAAAAAAAASSSAAAAAAAAAAPPP
PPPAKAAAAAAAAAAAAAAAAAAAAAAAAAAAAAAAAAAAASSSSSAAAAAAAAASSAAAAAAAAAAAAAAAAAAAAAAAAAAAAASSAAAAAAAAAPPP
PPPAAAAAAAAAAAAAAAAAAAAAAKAAAAAAAAAAAAAAABSSSBBBBBBBBBBBSSAAAAAAAAAAAAAAAAAAAAAAAAAAASSSSAAAAAAAAPPP
PPPASAAAAAAAAAAAAAAAAAAAAAAAAAAAAAAAAAAAASSBBBBBBBBBBBBSSAAAAAAAAAAAAAAAAAAAAAAAAAAAAASSAAAAAAAAAPPP
PPPSSSSAAAAAAAAAAAAAAAAAAAAAAAAAAAAAAAAASSSSBBBBBBBBBBBBSSAAAAAAAAAAAAAAAAAAAAAAAAAAASSAAAAAAAAAAPPP
PPPSASSSASASAAAAAAAAAAAAAAAAAAAASAAAAASSSKSSBBBKBBBBBBBSSAAAAAAAAAAAAAAAAAAAAAAAAAAASSSSAAAAAAAAAPPP
PPPAAAASSSSSSAASSSSSSSSSSSSSAAASSSSASSSSASSBBBBBBBBBBBBSSAKAAAAAAAAAAAAAAAAAAAAAAAAAASSAAAAAAAAAAPPP
PPPAAAAASASASSSSMMMMMMMMMSSSSSSSASSSSSAASSBBBBBBBBBBBBBSSAAAAAAAAAAAAAAAAAAAAAAAAAAAASSAAAAAAAAAAPPP
PPPAAAAAAAAAASSSMSSSSSSSMSAASSSAAAASAAKSSBBBBBBBBBBBBBBSSAAAAAAAAAAAAAAAAAAAAAAAAAAAASSAAAAAAAAAAPPP
PPPAAAAAAAAAAAASMSSSSSSSMSAAAAAAAAAAAAASSBBBBBBBBBBBBBSSBAAAAAAAAAAAAAAAAAAAAAAAAAAAASSAAAAAAAAAAPPP
PPPAAAAAAAAAAAASMSSSSSSSMSAAAAAAAAAAAAAASSBBBBBBBBBBBSSBBAAAAAAAAAAAAAAAAAAAAAAAAAAAAASSAAAAAAAAAPPP
PPPAAAAAAAAAAAASMSSSSSSSDSAAAAAAAAAAAAASSBBBBBBBBBBBSSBBBAAAAAAAAAAAAAAAAAAKAAAAAAAAASSAAAAAAAAAAPPP
PPPAAAAAAAAAAAASMSSSSSSSMSAAAAAAAAAAAAASSBBBBBBBBBBBBSSBBAAAAAAAAAAAAAAAAAAAAAAAAAAASSAAAAAAAAAAAPPP
PPPAAAAAAAAAAAASMSSSSSSSMSAAAAAAAAAAAASSABBBBBBBBBBBBBSSBAAAAAAAAAAAAAAAAAAAAAAAAAAASSAAAAAAAAAAAPPP
PPPAAAAAAAAAAAASMSSSSSSSMSAAAAAAAAAAASSAAKBBBBBKBBBBBSSBBAAAAAAAAAAAAAAAAAAAAAAAAAAAASSAAAAAAAAAAPPP
PPPAAAAAAAAAAAASMMMMMMMMMSAAAAAAAAAAASSAABBBBBBBBBBBBBSSBAAAAAAAAAAAAAAAAAAAAAAAAAAAAASSAAAAAAAAAPPP
PPPAAAAAAAAAAAASSSSSSSSSSSAAAAAAAAAASSAAABBBBBBBBBBBBBSSBAAAAAAAAAAAAAAAAAAAAAAAAAAAASSAAAAAAAAAAPPP
PPPAAAAAAAAAAAAAAAAAAAAAAAAAAAAAAAAASSAAABBBBBBBBBBBBSSBBAAAAAAAAAAAAAAAAAAAAAAAAAAAASSAAAAAAAAAAPPP
PPPAAAAAAAAAAAAAAAAAAAAAAAAAAAAAAAAASSAAAAAAAAAAAAAASSAAAAAAAAAAAAAAAAAAAAAAAAAAAAAAASSAAAAAKAAAAPPP
PPPAAAAAAAAAAAAAAAAAAAAAAAAAAAAAASSSSSSSSSSSAAAAAAASSAAAAAAAAAAAAAAAAAAAAAAAAAAAAAAAASSAAAAAAAAAAPPP
PPPAAAAAAAAAAAAAAAAAAAAAAAAAAAAAASMDMMMMMMMSAAAAAAAASSAAAASAAAAAAAAAAAAAAAAAAAAAAAAAAASSAAAAAAAAAPPP
PPPASAAAAAAAAAAAAAAAAAAAAAAAAASSSSMSSSSSSSMSASAAASASASSSASSSASAAAAAAAAAAAAAAAASSAAAAASSAAAAAAAAAAPPP
PPPSSSAAAAAAAAAAAAAAAAAAAASASSSSSSMSSSSSSSMSSSSASSSSSSASSSASSSSAAAAAAAAASAAAASSSSAAAAASSAAAAAAAAAPPP
PPPSASSSAAAAAAAASAAAAAAAASSSSSAAASMSSSSSSSMSSASSSASSSAAASAAASASSSASSAAASSSAASSAASSAAASSSSAAAASASAPPP
PPPAAASSSAAAAASSSSASAAAASSASAAKAASMSSSSSSSMSAAASAAASSAAAAAAAAAASSSSSSSSSASSSSAAAASSAAASSSSSSSSSSSPPP
PPPAAAAASSSASSSSASSSSSASSAAAAAAAASMSSSSSSSMSAAAAAASSAAAAAAAAAAAAASAASSSAAASSAAAAAASSASSSSSSSSASASPPP
PPPAAAAAASSSSSAAAASASSSSAAAAAAAAASMSSSSSSSMSAAAAASSAAAAAAAAAAAAAAAAAAAAAAAAAAAAAAAASSSSSSSAAAAAAAPPP
PPPAAAAAAAASAAAAAAAAAASAAAAAAAAAASMSSSSSSSMSAAAAASSAAAAAAAAAAAAAAAAAAAAAAAAAAAAAAAAASASSSSAAAAAAAPPP
PPPAAAAAAAAAAAAAAAAAAAAAAAAAAAAAASMMMMMMMMMSAAAAAASSAAAAAAAAAAAAAAAAAAAAAAAAAAAAAAAAASSASSAAAAAAAPPP
PPPAAAAAAAAAAAAAAAAAAAAAAAAAAAAAASSSSSSSSSSSAAAAASSAAAAAAAAAAAAAAAAAAAAAAAAAAAAAAAAASSASSAAAAAAAAPPP
PPPAAAAAAAAAAAAAAAAKAAAAAAAAAAAAAAASSAAAAAAAAAAAAASSAAAAAAAAAAAAAAAAAAAAAAAAAAAAAAASSASSAAAAAAAAAPPP
PPPAAAAAAAAAAAAAAAAAAAAAAAAAAABBBBBBSSBBAAAAAAAAAAASSAAAAAAAAAAAAAAAAAAAAAAAAAAAAASSAAASSAAAAAAAAPPP
PPPPPPPPPPPPPPPPPPPPPPPPPPPPPPPPPPPPPPPPPPPPPPPPPPPPPPPPPPPPPPPPPPPPPPPPPPPPPPPPPPPPPPPPPPPPPPPPPPPP
PPPPPPPPPPPPPPPPPPPPPPPPPPPPPPPPPPPPPPPPPPPPPPPPPPPPPPPPPPPPPPPPPPPPPPPPPPPPPPPPPPPPPPPPPPPPPPPPPPPP
PPPPPPPPPPPPPPPPPPPPPPPPPPPPPPPPPPPPPPPPPPPPPPPPPPPPPPPPPPPPPPPPPPPPPPPPPPPPPPPPPPPPPPPPPPPPPPPPPPPP
