100
100
PPPPPPPPPPPPPPPPPPPPPPPPPPPPPPPPPPPPPPPPPPPPPPPPPPPPPPPPPPPPPPPPPPPPPPPPPPPPPPPPPPPPPPPPPPPPPPPPPPPP
PPPPPPPPPPPPPPPPPPPPPPPPPPPPPPPPPPPPPPPPPPPPPPPPPPPPPPPPPPPPPPPPPPPPPPPPPPPPPPPPPPPPPPPPPPPPPPPPPPPP
PPPPPPPPPPPPPPPPPPPPPPPPPPPPPPPPPPPPPPPPPPPPPPPPPPPPPPPPPPPPPPPPPPPPPPPPPPPPPPPPPPPPPPPPPPPPPPPPPPPP
PPPTTTPPPTTTPPPTTTPPPTTTPPPTTTPPPTTTPPPTTTPPPTPPPTTTPPPTTTPPPTTTPPPTTTPPPTTTPPPTTTPPPTTTPPPTTTPTTPPP
PPPTTTTPPPTTTPPPTTTPPPTTTPPPTTTPPPTTTPPPTTTPPPTPPPTTTPPPTTTPPPTTTPPPTTTPPPTTTPPPTTTPPPTTTPPPTTTPTPPP
PPPTTTTTPPPTTTPPPTTTPPPTTTPPPTTTPPPTTTPPPTTTPPPTPPPTTTPPPTTTPPPTTTPPPTTTPPPTTTPPPTTTPPPTTTPPPTTTTPPP
PPPTTTTTTPPPTTTPPPTTTPPPTTTPPPTTTPPPTTTPPPTTTPPPTPPPTTTPPPTTTPPPTTTPPPTTTPPPTTTPPPTTTPPPTTTPPPTTTPPP
PPPTTTTTTTPPPTTTPPPTTTPPPTTTPPPTTTPPPTTTPPPTTTPPPTPPPTTTPPPTTTPPPTTTPPPTTTPPPTTTPPPTTTPPPTTTPPPTTPPP
PPPTTTTTTTTPPPTTTPPPTTTPPPTTTPPPTTTPPPTTTPPPTTTPPPTPPPTTTPPPTTTPPPTTTPPPTTTPPPTTTPPPTTTPPPTTTPPPTTPP
PPPTTTTTTKTTTTTTTTTTTTTTTTTTTTTTTTTTTTTTTTTTTTTTTTTTTTTTTTTTTTTTTTTTTTTTTTTTTTTTTTTTTTTTTKTTTTTTTPPP
PPPTTTTTTKTTTTTTTTTTTTTTTTTTTTTTTTTTTTTTTTTTTTTTTTTTTTTTTTTTTTTTTTTTTTTTTTTTTTTTTTTTTTTTTKTTTTTTTPPP
PPPTTTTTTTTTTTPPPTTTPPPTTTPPPTTTPPPTTTPPPTTTPPPTTTPPPTPPPTTTPPPTTTPPPTTTPPPTTTPPPTTTPPPTTTPPPTTTTPPP
PPPTTTPPPTTTPPPTTTPPPTTTPPPTTTPPPTTTPPPTTTPPPTPPPTTTPPPTTTPPPTTTPPPTTTPPPTTTPPPTTTPPPTTTPPPTTTPTTPPP
PPPTTTTPPPTTTPPPTTTPPPTTTPPPTTTPPPTTTPPPTTTPPPTPPPTTTPPPTTTPPPTTTPPPTTTPPPTTTPPPTTTPPPTTTPPPTTTPTPPP
PPPTTTTTTKTTTTTTTTTTTTTTTTTTTTTTTTTTTTTTTTTTTTTTTTTTTTTTTTTTTTTTTTTTTTTTTTTTTTTTTTTTTTTTTKTTTTTTTPPP
PPPTTTTTTKTTTTTTTTTTTTTTTTTTTTTTTTTTTTTTTTTTTTTTTTTTTTTTTTTTTTTTTTTTTTTTTTTTTTTTTTTTTTTTTKTTTTTTTPPP
PPPTTTTTTTPPPTTTPPPTTTPPPTTTPPPTTTPPPTTTPPPTTTPPPTPPPTTTPPPTTTPPPTTTPPPTTTPPPTTTPPPTTTPPPTTTPPPTTPPP
PPPTTTTTTTTPPPTTTPPPTTTPPPTTTPPPTTTPPPTTTPPPTTTPPPTPPPTTTPPPTTTPPPTTTPPPTTTPPPTTTPPPTTTPPPTTTPPPTTPP
PPPTTTTTTTTTPPPTTTPPPTTTPPPTTTPPPTTTPPPTTTPPPTTTPPPTPPPTTTPPPTTTPPPTTTPPPTTTPPPTTTPPPTTTPPPTTTPTTPPP
PPPTTTTTTTTTTPPPTTTPPPTTTPPPTTTPPPTTTPPPTTTPPPTTTPPPTPPPTTTPPPTTTPPPTTTPPPTTTPPPTTTPPPTTTPPPTTTPTPPP
PPPTTTTTTTTTTTPPPTTTPPPTTTPPPTTTPPPTTTPPPTTTPPPTTTPPPTPPPTTTPPPTTTPPPTTTPPPTTTPPPTTTPPPTTTPPPTTTTPPP
PPPTTTPPPTTTPPPTTTPPPTTTPPPTTTPPPTTTPPPTTTPPPTPPPTTTPPPTTTPPPTTTPPPTTTPPPTTTPPPTTTPPPTTTPPPTTTPTTPPP
PPPTTTTPPPTTTPPPTTTPPPTTTPPPTTTPPPTTTPPPTTTPPPTPPPTTTPPPTTTPPPTTTPPPTTTPPPTTTPPPTTTPPPTTTPPPTTTPTPPP
PPPTTTTTPPPTTTPPPTTTPPPTTTPPPTTTPPPTTTPPPTTTPPPTPPPTTTPPPTTTPPPTTTPPPTTTPPPTTTPPPTTTPPPTTTPPPTTTTPPP
PPPTTTTTTPPPTTTPPPTTTPPPTTTPPPTTTPPPTTTPPPTTTPPPTPPPTTTPPPTTTPPPTTTPPPTTTPPPTTTPPPTTTPPPTTTPPPTTTPPP
PPPTTTTTTKTTTTTTTTTTTTTTTTTTTTTTTTTTTTTTTTTTTTTTTTTTTTTTTTTTTTTTTTTTTTTTTTTTTTTTTTTTTTTTTKTTTTTTTPPP
PPPTTTTTTKTTTTTTTTTTTTTTTTTTTTTTTTTTTTTTTTTTTTTTTTTTTTTTTTTTTTTTTTTTTTTTTTTTTTTTTTTTTTTTTKTTTTTTTPPP
PPPTTTTTTTTTPPPTTTPPPTTTPPPTTTPPPTTTPPPTTTPPPTTTPPPTPPPTTTPPPTTTPPPTTTPPPTTTPPPTTTPPPTTTPPPTTTPTTPPP
PPPTTTTTTTTTTPPPTTTPPPTTTPPPTTTPPPTTTPPPTTTPPPTTTPPPTPPPTTTPPPTTTPPPTTTPPPTTTPPPTTTPPPTTTPPPTTTPTPPP
PPPTTTTTTTTTTTPPPTTTPPPTTTPPPTTTPPPTTTPPPTTTPPPTTTPPPTPPPTTTPPPTTTPPPTTTPPPTTTPPPTTTPPPTTTPPPTTTTPPP
PPPTTTPPPTTTPPPTTTPPPTTTPPPTTTPPPTTTPPPTTTPPPTPPPTTTPPPTTTPPPTTTPPPTTTPPPTTTPPPTTTPPPTTTPPPTTTPTTPPP
PPPTTTTPPPTTTPPPTTTPPPTTTPPPTTTPPPTTTPPPTTTPPPTPPPTTTPPPTTTPPPTTTPPPTTTPPPTTTPPPTTTPPPTTTPPPTTTPTPPP
PPPTTTTTPPPTTTPPPTTTPPPTTTPPPTTTPPPTTTPPPTTTPPPTPPPTTTPPPTTTPPPTTTPPPTTTPPPTTTPPPTTTPPPTTTPPPTTTTPPP
PPPTTTTTTPPPTTTPPPTTTPPPTTTPPPTTTPPPTTTPPPTTTPPPTPPPTTTPPPTTTPPPTTTPPPTTTPPPTTTPPPTTTPPPTTTPPPTTTPPP
PPPTTTTTTKTTTTTTTTTTTTTTTTTTTTTTTTTTTTTTTTTTTTTTTTTTTTTTTTTTTTTTTTTTTTTTTTTTTTTTTTTTTTTTTKTTTTTTTPPP
PPPTTTTTTKTTTTTTTTTTTTTTTTTTTTTTTTTTTTTTTTTTTTTTTTTTTTTTTTTTTTTTTTTTTTTTTTTTTTTTTTTTTTTTTKTTTTTTTPPP
PPPTTTTTTTTTPPPTTTPPPTTTPPPTTTPPPTTTPPPTTTPPPTTTPPPTPPPTTTPPPTTTPPPTTTPPPTTTPPPTTTPPPTTTPPPTTTPTTPPP
PPPTTTTTTTTTTPPPTTTPPPTTTPPPTTTPPPTTTPPPTTTPPPTTTPPPTPPPTTTPPPTTTPPPTTTPPPTTTPPPTTTPPPTTTPPPTTTPTPPP
PPPTTTTTTTTTTTPPPTTTPPPTTTPPPTTTPPPTTTPPPTTTPPPTTTPPPTPPPTTTPPPTTTPPPTTTPPPTTTPPPTTTPPPTTTPPPTTTTPPP
PPPTTTPPPTTTPPPTTTPPPTTTPPPTTTPPPTTTPPPTTTPPPTPPPTTTPPPTTTPPPTTTPPPTTTPPPTTTPPPTTTPPPTTTPPPTTTPTTPPP
PPPTTTTPPPTTTPPPTTTPPPTTTPPPTTTPPPTTTPPPTTTPPPTPPPTTTPPPTTTPPPTTTPPPTTTPPPTTTPPPTTTPPPTTTPPPTTTPTPPP
PPPTTTTTPPPTTTPPPTTTPPPTTTPPPTTTPPPTTTPPPTTTPPPTPPPTTTPPPTTTPPPTTTPPPTTTPPPTTTPPPTTTPPPTTTPPPTTTTPPP
PPPTTTTTTPPPTTTPPPTTTPPPTTTPPPTTTPPPTTTPPPTTTPPPTPPPTTTPPPTTTPPPTTTPPPTTTPPPTTTPPPTTTPPPTTTPPPTTTPPP
PPPTTTTTTKTTTTTTTTTTTTTTTTTTTTTTTTTTTTTTTTTTTTTTTTTTTTTTTTTTTTTTTTTTTTTTTTTTTTTTTTTTTTTTTKTTTTTTTPPP
PPPTTTTTTKTTTTTTTTTTTTTTTTTTTTTTTTTTTTTTTTTTTTTTTTTTTTTTTTTTTTTTTTTTTTTTTTTTTTTTTTTTTTTTTKTTTTTTTPPP
PPPTTTTTTTTTPPPTTTPPPTTTPPPTTTPPPTTTPPPTTTPPPTTTPPPTPPPTTTPPPTTTPPPTTTPPPTTTPPPTTTPPPTTTPPPTTTPTTPPP
PPPTTTTTTTTTTPPPTTTPPPTTTPPPTTTPPPTTTPPPTTTPPPTTTPPPTPPPTTTPPPTTTPPPTTTPPPTTTPPPTTTPPPTTTPPPTTTPTPPP
PPPTTTTTTTTTTTPPPTTTPPPTTTPPPTTTPPPTTTPPPTTTPPPTTTPPPTPPPTTTPPPTTTPPPTTTPPPTTTPPPTTTPPPTTTPPPTTTTPPP
PPPTTTPPPTTTPPPTTTPPPTTTPPPTTTPPPTTTPPPTTTPPPTPPPTTTPPPTTTPPPTTTPPPTTTPPPTTTPPPTTTPPPTTTPPPTTTPTTPPP
PPPTTTTPPPTTTPPPTTTPPPTTTPPPTTTPPPTTTPPPTTTPPPTPPPTTTPPPTTTPPPTTTPPPTTTPPPTTTPPPTTTPPPTTTPPPTTTPTPPP
PPPTTTTTPPPTTTPPPTTTPPPTTTPPPTTTPPPTTTPPPTTTPPPTPPPTTTPPPTTTPPPTTTPPPTTTPPPTTTPPPTTTPPPTTTPPPTTTTPPP
PPPTTTTTTPPPTTTPPPTTTPPPTTTPPPTTTPPPTTTPPPTTTPPPTPPPTTTPPPTTTPPPTTTPPPTTTPPPTTTPPPTTTPPPTTTPPPTTTPPP
PPPTTTTTTKTTTTTTTTTTTTTTTTTTTTTTTTTTTTTTTTTTTTTTTTTTTTTTTTTTTTTTTTTTTTTTTTTTTTTTTTTTTTTTTKTTTTTTTPPP
PPPTTTTTTKTTTTTTTTTTTTTTTTTTTTTTTTTTTTTTTTTTTTTTTTTTTTTTTTTTTTTTTTTTTTTTTTTTTTTTTTTTTTTTTKTTTTTTTPPP
PPPTTTTTTTTTPPPTTTPPPTTTPPPTTTPPPTTTPPPTTTPPPTTTPPPTPPPTTTPPPTTTPPPTTTPPPTTTPPPTTTPPPTTTPPPTTTPTTPPP
PPPTTTTTTTTTTPPPTTTPPPTTTPPPTTTPPPTTTPPPTTTPPPTTTPPPTPPPTTTPPPTTTPPPTTTPPPTTTPPPTTTPPPTTTPPPTTTPTPPP
PPPTTTTTTTTTTTPPPTTTPPPTTTPPPTTTPPPTTTPPPTTTPPPTTTPPPTPPPTTTPPPTTTPPPTTTPPPTTTPPPTTTPPPTTTPPPTTTTPPP
PPPTTTPPPTTTPPPTTTPPPTTTPPPTTTPPPTTTPPPTTTPPPTPPPTTTPPPTTTPPPTTTPPPTTTPPPTTTPPPTTTPPPTTTPPPTTTPTTPPP
PPPTTTTPPPTTTPPPTTTPPPTTTPPPTTTPPPTTTPPPTTTPPPTPPPTTTPPPTTTPPPTTTPPPTTTPPPTTTPPPTTTPPPTTTPPPTTTPTPPP
PPPTTTTTPPPTTTPPPTTTPPPTTTPPPTTTPPPTTTPPPTTTPPPTPPPTTTPPPTTTPPPTTTPPPTTTPPPTTTPPPTTTPPPTTTPPPTTTTPPP
PPPTTTTTTPPPTTTPPPTTTPPPTTTPPPTTTPPPTTTPPPTTTPPPTPPPTTTPPPTTTPPPTTTPPPTTTPPPTTTPPPTTTPPPTTTPPPTTTPPP
PPPTTTTTTKTTTTTTTTTTTTTTTTTTTTTTTTTTTTTTTTTTTTTTTTTTTTTTTTTTTTTTTTTTTTTTTTTTTTTTTTTTTTTTTKTTTTTTTPPP
PPPTTTTTTKTTTTTTTTTTTTTTTTTTTTTTTTTTTTTTTTTTTTTTTTTTTTTTTTTTTTTTTTTTTTTTTTTTTTTTTTTTTTTTTKTTTTTTTPPP
PPPTTTTTTTTTPPPTTTPPPTTTPPPTTTPPPTTTPPPTTTPPPTTTPPPTPPPTTTPPPTTTPPPTTTPPPTTTPPPTTTPPPTTTPPPTTTPTTPPP
PPPTTTTTTTTTTPPPTTTPPPTTTPPPTTTPPPTTTPPPTTTPPPTTTPPPTPPPTTTPPPTTTPPPTTTPPPTTTPPPTTTPPPTTTPPPTTTPTPPP
PPPTTTTTTTTTTTPPPTTTPPPTTTPPPTTTPPPTTTPPPTTTPPPTTTPPPTPPPTTTPPPTTTPPPTTTPPPTTTPPPTTTPPPTTTPPPTTTTPPP
PPPTTTPPPTTTPPPTTTPPPTTTPPPTTTPPPTTTPPPTTTPPPTPPPTTTPPPTTTPPPTTTPPPTTTPPPTTTPPPTTTPPPTTTPPPTTTPTTPPP
PPPTTTTPPPTTTPPPTTTPPPTTTPPPTTTPPPTTTPPPTTTPPPTPPPTTTPPPTTTPPPTTTPPPTTTPPPTTTPPPTTTPPPTTTPPPTTTPTPPP
PPPTTTTTPPPTTTPPPTTTPPPTTTPPPTTTPPPTTTPPPTTTPPPTPPPTTTPPPTTTPPPTTTPPPTTTPPPTTTPPPTTTPPPTTTPPPTTTTPPP
PPPTTTTTTPPPTTTPPPTTTPPPTTTPPPTTTPPPTTTPPPTTTPPPTPPPTTTPPPTTTPPPTTTPPPTTTPPPTTTPPPTTTPPPTTTPPPTTTPPP
PPPTTTTTTTPPPTTTPPPTTTPPPTTTPPPTTTPPPTTTPPPTTTPPPTPPPTTTPPPTTTPPPTTTPPPTTTPPPTTTPPPTTTPPPTTTPPPTTPPP
PPPTTTTTTTTPPPTTTPPPTTTPPPTTTPPPTTTPPPTTTPPPTTTPPPTPPPTTTPPPTTTPPPTTTPPPTTTPPPTTTPPPTTTPPPTTTPPPTTPP
PPPTTTTTTKTTTTTTTTTTTTTTTTTTTTTTTTTTTTTTTTTTTTTTTTTTTTTTTTTTTTTTTTTTTTTTTTTTTTTTTTTTTTTTTKTTTTTTTPPP
PPPTTTTTTKTTTTTTTTTTTTTTTTTTTTTTTTTTTTTTTTTTTTTTTTTTTTTTTTTTTTTTTTTTTTTTTTTTTTTTTTTTTTTTTKTTTTTTTPPP
PPPTTTTTTTTTTTPPPTTTPPPTTTPPPTTTPPPTTTPPPTTTPPPTTTPPPTPPPTTTPPPTTTPPPTTTPPPTTTPPPTTTPPPTTTPPPTTTTPPP
PPPTTTPPPTTTPPPTTTPPPTTTPPPTTTPPPTTTPPPTTTPPPTPPPTTTPPPTTTPPPTTTPPPTTTPPPTTTPPPTTTPPPTTTPPPTTTPTTPPP
PPPTTTTPPPTTTPPPTTTPPPTTTPPPTTTPPPTTTPPPTTTPPPTPPPTTTPPPTTTPPPTTTPPPTTTPPPTTTPPPTTTPPPTTTPPPTTTPTPPP
PPPTTTTTPPPTTTPPPTTTPPPTTTPPPTTTPPPTTTPPPTTTPPPTPPPTTTPPPTTTPPPTTTPPPTTTPPPTTTPPPTTTPPPTTTPPPTTTTPPP
PPPTTTTTTTTTTTTTTTTTTTTTTTTTTTTTTTTTTTTTTTTTTTTTTTTTTTTTTTTTTTTTTTTTTTTTTTTTTTTTTTTTTTTTTTTTTTTTTPPP
PPPTTTTTTTTPPPTTTPPPTTTPPPTTTPPPTTTPPPTTTPPPTTTPPPTPPPTTTPPPTTTPPPTTTPPPTTTPPPTTTPPPTTTPPPTTTPPPTTPP
PPPTTTTTTTTTPPPTTTPPPTTTPPPTTTPPPTTTPPPTTTPPPTTTPPPTPPPTTTPPPTTTPPPTTTPPPTTTPPPTTTPPPTTTPPPTTTPTTPPP
PPPTTTTTTTTTTPPPTTTPPPTTTPPPTTTPPPTTTPPPTTTPPPTTTPPPTPPPTTTPPPTTTPPPTTTPPPTTTPPPTTTPPPTTTPPPTTTPTPPP
PPPTTTTTTTTTTTPPPTTTPPPTTTPPPTTTPPPTTTPPPTTTPPPTTTPPPTPPPTTTPPPTTTPPPTTTPPPTTTPPPTTTPPPTTTPPPTTTTPPP
PPPTTTPPPTTTPPPTTTPPPTTTPPPTTTPPPTTTPPPTTTPPPTPPPTTTPPPTTTPPPTTTPPPTTTPPPTTTPPPTTTPPPTTTPPPTTTPTTPPP
PPPTTTTPPPTTTPPPTTTPPPTTTPPPTTTPPPTTTPPPTTTPPPTPPPTTTPPPTTTPPPTTTPPPTTTPPPTTTPPPTTTPPPTTTPPPTTTPTPPP
PPPTTTTTPPPTTTPPPTTTPPPTTTPPPTTTPPPTTTPPPTTTPPPTPPPTTTPPPTTTPPPTTTPPPTTTPPPTTTPPPTTTPPPTTTPPPTTTTPPP
PPPTTTTTTPPPTTTPPPTTTPPPTTTPPPTTTPPPTTTPPPTTTPPPTPPPTTTPPPTTTPPPTTTPPPTTTPPPTTTPPPTTTPPPTTTPPPTTTPPP
PPPTTTTTTKTTTTTTTTTTTTTTTTTTTTTTTTTTTTTTTTTTTTTTTTTTTTTTTTTTTTTTTTTTTTTTTTTTTTTTTTTTTTTTTKTTTTTTTPPP
PPPTTTTTTKTTTTTTTTTTTTTTTTTTTTTTTTTTTTTTTTTTTTTTTTTTTTTTTTTTTTTTTTTTTTTTTTTTTTTTTTTTTTTTTKTTTTTTTPPP
PPPTTTTTTTTTPPPTTTPPPTTTPPPTTTPPPTTTPPPTTTPPPTTTPPPTPPPTTTPPPTTTPPPTTTPPPTTTPPPTTTPPPTTTPPPTTTPTTPPP
PPPTTTTTTTTTTPPPTTTPPPTTTPPPTTTPPPTTTPPPTTTPPPTTTPPPTPPPTTTPPPTTTPPPTTTPPPTTTPPPTTTPPPTTTPPPTTTPTPPP
PPPTTTTTTTTTTTPPPTTTPPPTTTPPPTTTPPPTTTPPPTTTPPPTTTPPPTPPPTTTPPPTTTPPPTTTPPPTTTPPPTTTPPPTTTPPPTTTTPPP
PPPTTTPPPTTTPPPTTTPPPTTTPPPTTTPPPTTTPPPTTTPPPTPPPTTTPPPTTTPPPTTTPPPTTTPPPTTTPPPTTTPPPTTTPPPTTTPTTPPP
PPPTTTTPPPTTTPPPTTTPPPTTTPPPTTTPPPTTTPPPTTTPPPTPPPTTTPPPTTTPPPTTTPPPTTTPPPTTTPPPTTTPPPTTTPPPTTTPTPPP
PPPTTTTTPPPTTTPPPTTTPPPTTTPPPTTTPPPTTTPPPTTTPPPTPPPTTTPPPTTTPPPTTTPPPTTTPPPTTTPPPTTTPPPTTTPPPTTTTPPP
PPPTTTTTTPPPTTTPPPTTTPPPTTTPPPTTTPPPTTTPPPTTTPPPTPPPTTTPPPTTTPPPTTTPPPTTTPPPTTTPPPTTTPPPTTTPPPTTTPPP
PPPTTTTTTTTTTTTTTTTTTTTTTTTTTTTTTTTTTTTTTTTTTTTTTTTTTTTTTTTTTTTTTTTTTTTTTTTTTTTTTTTTTTTTTTTTTTTTTPPP
PPPPPPPPPPPPPPPPPPPPPPPPPPPPPPPPPPPPPPPPPPPPPPPPPPPPPPPPPPPPPPPPPPPPPPPPPPPPPPPPPPPPPPPPPPPPPPPPPPPP
PPPPPPPPPPPPPPPPPPPPPPPPPPPPPPPPPPPPPPPPPPPPPPPPPPPPPPPPPPPPPPPPPPPPPPPPPPPPPPPPPPPPPPPPPPPPPPPPPPPP
PPPPPPPPPPPPPPPPPPPPPPPPPPPPPPPPPPPPPPPPPPPPPPPPPPPPPPPPPPPPPPPPPPPPPPPPPPPPPPPPPPPPPPPPPPPPPPPPPPPP
