100
100
PPPPPPPPPPPPPPPPPPPPPPPPPPPPPPPPPPPPPPPPPPPPPPPPPPPPPPPPPPPPPPPPPPPPPPPPPPPPPPPPPPPPPPPPPPPPPPPPPPPP
PPPPPPPPPPPPPPPPPPPPPPPPPPPPPPPPPPPPPPPPPPPPPPPPPPPPPPPPPPPPPPPPPPPPPPPPPPPPPPPPPPPPPPPPPPPPPPPPPPPP
PPPPPPPPPPPPPPPPPPPPPPPPPPPPPPPPPPPPPPPPPPPPPPPPPPPPPPPPPPPPPPPPPPPPPPPPPPPPPPPPPPPPPPPPPPPPPPPPPPPP
PPPTTTTTTTTTTTTTTTTTTTTTTTTAATTSSTTTTTTTTTTTTTTTTTTTTTTTTTTTTSSTTTTTTSSTTTTTTTTTTTTTTTTTTTTTTTTTTPPP
PPPTTTTKTTTTTTTTTTTTTTTTTTTTAATTSSTTTTTTTTTTTTTTTTTTTTTTTTTTTTSSTTTTSSSSTTTTTTTTTTTTTTTTTTTTTTTTTPPP
PPPTTTTTTTTTTSSTTTTTTTTTTTTTAATTSSTTTTTTTTTTTTTTTTTTTTTTTTTTTTTSSTTTSSSSTTTTTTTTTTTTTTTTTTTTTTTTTPPP
PPPTTTSTSTSTSSSSTTTTTTTTTTTAATTTSSTTTTTTTTTTTTTTTTTTTTTTTTTTTTTTSSTTSSSSTTTTTTTTTTTTTTTTTTTTTTTTTPPP
PPPTTSSSSSSSSTTSSTTTTSSTTTAAKTTSSTTTTTTTTTTTTTTTTTTTTTTTTTTTTTTSSTTTSSTTTTTTTTTTTTTTTTTTTTTTTTTTTPPP
PPPPPPPPPPPPPPPPPPPPPPPPPPPPPPPPPPPPPPPPPPSSSTSTSTSTTTTTTTTTTTTSSTTSSSSTTTTTTTTTTTTTTTTTTTTTTTTTTPPP
PPPSSTTTTTTTTTTTTSSSSBBSSBSAASBBSBTTTTTTTTTTTTTTTTTTTTTTTTTTTTTTSSSSTSSTTTTTTTTTTTTTTTKTTTTTTTTTTPPP
PPPTTTTTTTTTTTTTTTSTBBBBSSSSSSSSSSSSTTTTTTTTTTTTTTTTTTTTTTTTTTTTTSSSSSSTTTTTTTTTTTTTTTTTTTTTTTTTTPPP
PPPTTTTTTTTTTTTTTTTTBBBBBSBSSBSSBSSSSTTTTTTTTTTTTTTTTTTTTTTTTTTTTSSSSSSTTTTTTTTTTTTTTTTTTTTTTTTTTPPP
PPPTTTTTTTTTTTTTTTTTBBBBBBBBAABSSBTTSSSTTTTTTTTTTTTTTSSSTTTTTTTTSSTSSSSTTTTTTTTTTTTTTTTTTTTTTTTTTPPP
PPPTTTTTTTTTTTTTTTTTBBBBBBBBAABBSSTTTSSSSSTTTTTTSSSSSSSSSSSSTSTSSSTSSTTTTTTTTTTTTTTTTTTTTTTTTTTTTPPP
PPPTTTTTTTTTTTTTTTTTBBBBBBBAABBBSSTTSTSSSSSSSSSSSSSSSSAASSSSSSSSSSSTSTSSSSSSSSSSSTSTTTTSSSSTTTTTTPPP
PPPTTTTTTTTTTTTTTTTTBSSSBBAASSBSSBSSSSSTTTSSSSSSTTTTTSAAAAAASTSSSSSSSSSMDMMMMMMMSSSTTTSSSSSSSTSTSPPP
PPPTTTTTTTTTTTSSSSSSSSSSSSAASSSBSSSSTSTTTTTTTTTTTTTTTAAAAAAAATTSTSSSTSSMSSSSSSSMSSSSSSSTTTTSSSSSSPPP
PPPTTTTTTTTTSSSSSSSSSBBBSSBAABSBSSTTTTTTTTTTTTTTTTTTTAAPPPPPPPPPPPPPPPPPPPPPPPPPPPPPPPPPPPPPPPTSTPPP
PPPTTTTTTTSSSSTTTTTTBBBBBBBBAABSSBTTTTTTTTTTTTTTTTTTTAAAAAAAATTTTTSSSSSMSSSSSSSMSTTTTTSSTTTTTTTTTPPP
PPPTTTTSSSSSTTTTTTTTBBBBBBBBBAABSSTTTTTTTTTTTTTTTTTTTAAAAAAAATTTTTSSTTSMSSSSSSSMSTTTTTTSSSTSTTTTTPPP
PPPSSSSSSSTTTTTTTTTTBBBBBBBBBBBSSBTTTTTTTTTTTTTTTTTTTAAAAAAAATTTTTTSSTSMSSSSSSSMSTTTTTTTSSSSSSTSTPPP
PPPSSSSTTTTTTTTTTTTTBBBBBBBBBBSSBBTTTTTTTTTTTTTTTTTTTAAAAAAAATTTTTTSSTSMSSSSSSSMSTTTTTTTTTSTSSSSSPPP
PPPTTTTTTTTTTTTTTTTTBBBBBBBBBBSSBBTTTTTTTTTTTTTTTTTTTTTTTTTTTTTTTTTTSSSMSSSSSSSMSTTTTTTTTTTTTTSTSPPP
PPPTTTTTTTTTTTTTTTTTTTTTTTTTTTKSSTTTKTTTTTTTTTTTTTTTTTTTTTTTTTTTTTTTSSSMMMMMMMMMSTTTTTTTTTTTTTTTTPPP
PPPTTTTTTTTTTTTTTTTTTTTTTTTTTTTSSTTTTTTTTTTTTTTTTTTTTTTTTTTTTTTTTTTTSSSSSSSSSSSSSTTTTTTTTTTTTTTTTPPP
PPPTTTTTTTTTTTTTTTTTTTTTTTTTTTTSSTTTTTTTTTTTTTTTTTTTTTTTTTTTTTTTTTTSSSSTTTTTTTTTTTTTTTTTTTTTTTTTTPPP
PPPTTTTTTTTTTTTTTTTTTTTTTTTTTTTSSTTTTTBBBBBBBBBBBBBBBBTTTTTTTTTTTTTTTSSTTTTTTTTTTTTTTTTTTTTTTTTTTPPP
PPPTTTTTTTTTTTTTTTTTTTTTTTTTTTSSTTTTTTBBBBBKBBBBBBBBBBTTTTTTTTTTTTTTSSSSTTTTTTTTTTTTTTTTTTTTTTTTTPPP
PPPTTTTTTTTTTTTTTTTTTTTTTTTTTTTSSTTTTTBBBBBBBBBBBBBBBBTTTTTTTTTTTTTTTSSSSTTTKTTTTTTTTTTTTTTTTTTTTPPP
PPPTTTTTTTTTTTTTTTTTTTTTTTTTTTSSTTTTTTBBBBBBBBBBBBBBBBTTTTSSSSSSSSSSSTSSSSTTTTTTTTTTTTTTTTTTTTTTTPPP
PPPMMMMMMMMMMMMMMMAMMMMMMMMMMMMMMMMMMMMMMMMMMMMMMMMMMMMMMMMMMMMMMAMMMMMMMMMMMMMMMMMMMMMMMMMMMMMMMPPP
PPPSSSSSSTTTTTTTTTTTTTTTTTTTSSAATTTTTTBBBBBBBBBKBBBBBBTTTTSMSSSSSSSMSSSTTTSSTTTTTTTTTTTTTTTTTTTTTPPP
PPPTSSTTSSTTTTTTTTTTTTTTTTTTTSSTTTTTTTBBBBBBBBBBBBBBBBTTTTSMSSSSSSSMSSSTTTTSSTTTTTTTTTTTTTTTTTTTTPPP
PPPTTTTTTSSTTTTSSSTTTTTTTTTTSSTTTTTTTTBBBBBBBBBBBBBBBBTTTTSMSSSSSSSMSTSSSTSSTTTTTTTSTTTTTTTTTTTTTPPP
PPPTTTTTTTSSSSSSSSSTTTTTTTTSSAATTTTSTSSBBBBBBBBBBBBBBBSTTTSMSSSSSSSMSTTSSSSSSSTTSTSSSTTTTTTTTTTTTPPP
PPPTTTTTTTTSSSSTTTSSSSSTTTTTSSAATTSSSSSSBBBBBBBBBBBBBSSSSSSMSSSSSSSMSTSSTSSSSSSSSSSTSSTSTTSSSSTTTPPP
PPPTTTTTTTSTTTTTTTTSSSSSTTSTSSTAASSTSTBSSSBBSSBBBBBBSSTSSSSMSSSSSSSDSSSTSSTTTTSSTSTTTSSSSSSSSSSSSPPP
PPPTTTTTTSSSTTTTTTTTTTTSSSSSSTSTSSTTTTBBSSSSSSSSBBBSSBTTTTSMSSSSSSSMSSSSSSTTTTTTTTTTTTSTSSTTTTSSSPPP
PPPSTTTSSSTSSTSTTTTTTTTTSSTSSSSSSTTTTTBBBBSSBBSSSSSSBBTTTTSMMMMMMMMMSTTSSTTTTTTTTTTTTTTTTTTTTTTTTPPP
PPPSSSSSSTTTSSSSSTSTTSTTTTTTTSTSAATTTTBBBBBBBBBBSSSBBBTTTTSSSSSSSSSSSTSSSSTTTTTTTTTTTTTTTTTTTTTTTPPP
PPPTSSSTTTTTTSTSSSSSSSSSSTTTSSTAATTTTTBBBBBBBBBBBBBBBBTTTTTTTTTTTTTTSSTSSSSTTTTTTTTTTTTTTTTTTTTTTPPP
PPPTTTTTTTTTTTTTTSTSSTSSSSTTSSSTAATTTTBBBBBBBBBBBBBBBBTTTTTTTTTTTTTSSTSSTSSTTTTTTTTTTTTTTTTTTTTTTPPP
PPPTTTTTTTTSSSSSSSSSSSTTTSSSSSSSAASTTTTTTTTTTTTTTTTTTTTTTTTTTTTTTTTTSSTSSSSTTTTTTTTTTTTTTTTTTTTTTPPP
PPPTTTTTTTTSMMMMMMMMMSTTTTSSSSTSSSSSTTTTTTTTTTTTTTTTTTTTTTTTTTTTTTTTSSTTSSTTTTTTTTTTTTTTTTTTTTTTTPPP
PPPTTTTTTTTSMSSSSSSSMSTTTTTSSTTTSSTSSSTSTTTTTTTTTTTTTTTTTTTTTTTTTTTSSTTSSTTTTTTTTTTTTTTTTTTTTTTTTPPP
PPPTTTTTTTTSMSSSSSSSMSTTTTTTSSTAATTTSSSSSTSTTSSTSTTTTTTTTTTTTTTTTTTTSSTTSSTTTTTTTTTTTTTTTTTTTTTTTPPP
PPPTTTTTTTTSMSSSSSSSDSTTTTTTTSSAAKTTTTSTSSSSSSSSSSTTTTTTTTTTTTTTTTTSSTTSSSSTTTTTTTTTTTTTTTTTTTTTTPPP
PPPTTTTTTTTSMSSSSSSSMSTTTTTTSSTAATTTTTTTTSTSSTTSTSSTTTTTTTTTTTTTTTSSTTTTSSSSTTTTTTTTTTTTTTSSTTTSSPPP
PPPTTTTTTTTSMSSSSSSSMSTTTTTSSTAATTTTTTTTTTTTTTTTTTSSTTTSSTTTTTTTTTTSSTTTTSSTTTTTTTSSTSTTSSSSSTSSSPPP
PPPTTTTTTTTSMSSSSSSSMSTTTTTTSSTTTTTTTTTTTTTTTTTTTTTSSTSSSSTTTTTTTTTTTSTTSSSSSTSSTSSSSSSSSSTTSSSTTPPP
PPPTTTTTTTTSMSSSSSSSMSTTTTTTTSSTTTTTTTTTTTTTTTTTTTTTSSSTTSSTTSSSSTSSSSSSTSSSSSSSSSTTSTSSTTTTTSTTTPPP
PPPTTTTTTTTSMMMMMMMMMSTTTTTTSSTTTTTTTTTTTTTTTTTTTTTTTSTTTTSSSSSSSSSSSTSSSTSSTSTTSTTTTTTTTTTTTTTTTPPP
PPPTTTTTTTTSSSSSSSSSSSBBSSSSSSSSSSSTTTTTTTTTTTTTTTTTTTKTTTTSSTTTTSTTSSTTSSSTTTTTTTTTTTTTTTTTTTTTTPPP
PPPTTTTTTTTTTTTTTTBBBBBBSMMMMMMMMMSTTTTTTTTTTTTTTTTTTTTTTTTTSTTTSTTTSSTTTSSSTTTTTTTTSTTSSTTTTTTTTPPP
PPPTTTKTTTTTTTTTTTBBBBBBSMSSSSSSSMSTTTTTTTTTTTTTTTTTTTTTTTTSSSSSSSTSTSSSSSSSSTTTTTTSSSSSSSTTTTTTTPPP
PPPTTTTTTTTTTTTTTTBBBBBBSMSSSSSSSMSTTTTTTTTTTTTTTTTTTTTTTTSSTSSSBSSSSSBSSBSSSSBSSTSSTSSTTSSTSSTSSPPP
PPPTTTTTTTTTTTTTTTBBBBBBSMSSSSSSSDSTTTTTTTTTTTTTTTTTTTTSTSSTTTBBBBSBBSSBSBSSBSSSSSSTTTTTTTSSSSSSSPPP
PPPTTTTTTTTTTTTTTTBBBBBBSMSSSSSSSMSTTTTTTTTTTTTTTTSTTTSSSSTTTTBBBBBBBSSBBSSBBBSBTSTTTTTTTTTSTTSTTPPP
PPPTTTTTTTTTTTTTTTBBBBBBSMSSSSSSSMSTTTTTTTTTTTTTTSSSSSSTSTTTTTBBBBBBSSBBSSBBBBBBTTTTTTTTTKTTTTTTTPPP
PPPTTTTTTTTTTTTTTTBBBBBBSMSSSSSSSMSTTTTTTTTTTTTSSSTSSSTTTTTTTTBBBBBBSSBSSSSBBBBBTTTTTTTTTTTTTTTTTPPP
PPPTTTTTTTTTTTTTTTBBBBBBSMSSSSSSSMSTTTKTTTSSTSSSSTTTTTTTTTTTTTBBBBBSSBSSBSSBBBBBTTTTTTTTTTTTTTTTTPPP
PPPTTTTTTTTTTTTTTTBBBBBBSMMMMMMMMMSTTTTTTSSSSSSTTTTTTTTTTTTTTTBBBBBBBSSBSSBBBBBBTTTTTTTTTTTTTTTTTPPP
PPPTTTTTTTTTTTTTTTTTTTTTSSSSSSSSSSSSTTTSSSTTSTTTTKTTTTTTTTTTTTBBBBBBSSSSSSBBBBBBTTTTTTTTTTTTTTTTTPPP
PPPTTTTTTTTTTTTTTTTTTTTTTTTTSSTTTTSSSTSSSTTTTTTTTTTTTTTTTTTTTTBBBBBSSBBSSBBBBBBBTTTTTTTTTTTTTTTTTPPP
PPPTBBBBBBBBBBBBBBTSTSTTTSTSSAATSSSTSSSTTTTTTTTTTTTTTTTTTTTTTTBBBBBSSBSSSSBBBBBBTTTTTTTTTTTTTTTTTPPP
PPPTBBBBSBBBSSBBBBSSSSSTSSSSAASSSSTTTSTTTTTTTTTTTTTTTTTTTTTTTTBBBBBSSBBSSSSBBBBBTTTTTTTTTTTTTTTTTPPP
PPPTBBBSSSBSSSSBBSSTSTSSSSSAATSSTTTTTATTTTTTTTTTTTTTTTTTTTTTTTBBBBBSSBSSBSSBBBBBTTTTTTTTTTTTTTTTTPPP
PPPTSBSSBSSSBBSSSSTTTTTSSSTTAATTTTTTAAAATTTTTTTTTATTTTTTTTTTTTBBBBSSBSSBSSBBBBBBTTTTTTTTTTTTTTTTTPPP
PPPSSSSBBBSBBBBSSBTTTTTSSTAAAAATTATAATAAATTTTTTAAAATTTTTTTTTTTBBBBBSSSSBSSBBBBBBTTTTTTTTTTTTTTTTTPPP
PPPSBSBBBBBBABBBBBTATAATSSAATAAAAAAAKTTTAATTAAAAATAAAATTTTTTTABAABBBBSSSSBBBBBBBTTTTTTTTTTTTTTTTTPPP
PPPTBBBBBBBAAAABBAAAAAASSTTSSATAATATTTTTTAAAAAATTTTAAAAATTAAAAAAAABBSSSSSSBBSBBBTTTTTTTTTTTTTTTTTPPP
PPPTBBBBBAAABAAAAAATATTTTSSSSSTTTTTTTTTTTTAATTTTTTTTTTAATAAAATABBABBSSSSSSSSSSBATTSTTTTTTTTTTTTTTPPP
PPPTABAAAAABBBBAABTTTSTSSSSTTSSTTTTTTTTTTTTTTTTTTTTTTTTSSASTTTBBBBSSSSSSSSSSBSSASSSSTTATTTTTSTTTAPPP
PPPAAAAAABBBBBBBSSTSSSSSSTTTTTSSTTTTTTTTTTTTTTTTTTTTTSSSSSSSTSSSTSSSSSTSSTTTTTSSSSTSSSATTTTSSSTAAPPP
PPPABABBBBBBSSBSSSSSSTSTSSTTTAASSTTTTTTTTTTTTTTSTTTSSSSTTSTSSSSSSSTSSKSSTTTTTTTSTTTTSSSSSSSSTSSATPPP
PPPTBBBBBBSSSSSSBBSTTTTTSSTTAATTSSSTTTTTTTTSTSSSSSSSSTTTTTTTSTTTSTSSTTTSSTTTTTTTTTTTTTSSSSSTTTSSTPPP
PPPTBBBBBSSSBBSKBBTKTTTKTSSTTAATTSSSTSSTSSSSSSSTSSSTTTTTTTTTTTTTKTTSSTTTSSTTTTTTTTTTTTTTTTTTTTTSSPPP
PPPTSBBBSSBBBBBBBBTKTTTTSSTTAATTTTTSSSSSSSSTSTTTTTTTTTTTTTTTTTTTTTTSSTTTSSTTTTTTTKTTTTTTTTTTTTTTSPPP
PPPMMMMMMMMMMMMMMMMMMMMMMMMMAMMMMMMMMMMMMMMMMMMMMMMMMMMMMMMMMMMMMAMMMMMMMMMMMMMMMMMMMMMMMMMMMMMMMPPP
PPPSTSSSTTTTTTTTTTTTTTTTTSSTAATTTTTTTTTTTTTTTTTTTTTTTTTTTTTTTTTTTSSTTTTTSSTTTTTTTTTTTTTTTTTTTTTTTPPP
PPPTTTTTTTTTTTTTTTTTTTTTTSSAATTTTTTTTTTTTTTTTTTSSSSSSSSSSSTTTTTTTTSSTTTSSTTTTTTTTTTTTTTTTTTTTTTTTPPP
PPPTTTTTTTTTTTTTTTTTTTTTTSSTTTTTTTTTTTTTTTTTTTTSMMMMMMMMMSTTTTTTTTTSSTTTSSTTTTTTTTTTTTTTTTTTTTTTTPPP
PPPTTTTTTTTTTTTTTTTTTTTTTTSSTTTTTTTTTTTTTTTTTTTSMSSSSSSSMSTTTTTTTTTSSTTTSSTTTTTTTTTTTTKTTTTTTTTTTPPP
PPPTTTTTTTTTTTTTTTTTTTTTTTTSSTTTTTTTTAAAAAAAATTSMSSSSSSSMSTTTTTTTTTTSSTSSTTTTTTTTTTTTTTTTTTTTTTTTPPP
PPPTTTTTTTTTTTTTTTTTTTTTTTAASSTTTTTTTAAAAAAAATTSDSSSSSSSMSTTTTTTTTTTTSSTSSTTTTTTTTTTTTTTTTTTTTTTTPPP
PPPTTTTTTTTTTTTTTTTTTTTTTTTAASSTTTTTTAAAAAAAATTSMSSSSSSSMSTTTTTTTTTTSSTSSSSTTTTTTTTTTTTTTTTTTTTTTPPP
PPPTTTTTTTTTTTTTTTTTTTTTTTTTSSTTTTTTTAAAAAAAATTSMSSSSSSSMSTTTTTTTTTTSSTTSSSSTTTTTTTTTTTTTTTTTTTTTPPP
PPPTTTTTTTTTTTTTTTTTTTTTTTTSSTTTTTTTTAAAAAAAATTSMSSSSSSSMSTTTTTTTTTTTSSSSTSSTTTTTTTTTTTTTTTTTTTTTPPP
PPPTTTTTTTTTTTTTTTTTTTTTTTSSTTTTTTTTTAAAAAAAATTSMSSSSSSSMSTTTTTTTTTTTSSTTSSTTTTTTTTTTTTTTTTTTTTTTPPP
PPPTTTTTTTTTTTTTTTTTTTTTTTSSTTTTTTTTTAAAAAAAATTSMMMMMMMMMSTTTTTTTTTTTSSTTTSSTTTTTTTTTTTTTTTTTTTTTPPP
PPPTTTTTTTTTTTTTTTTTTTTTTTTSSTTTTTTTTAAAAAAAATTSSSSSSSSSSSTTTTTTTTTTSSSSTTSSTTTTTTTTTTTTTTTTTTTTTPPP
PPPTTTTTTTTTTTTTTTTTTTTTTTSSTTTTTTTTTTTTTTTTTTTTTTTTTTTTTTTTTTTTTTTTSSSSTSSTTTTTTTTTTTTTTTTTTTTTTPPP
PPPTTTTTTTTTTTTTTTTTTTTTTTTSSTTTTTTTTTTTTTTTTTTTTTTTTTTTTTTTTTTTTTTSSTSSSSTTTTTTTTTTTTTTTTTTTTTTTPPP
PPPTTTTTTTTTTTTTTTTKTTTTTTTTSSTTTTTTTTTTTTTTTTTTTTTTTTTTTTTTTTTTTTSSTSSTSSTTTTTTTTTTTTTTTTTTTTTTTPPP
PPPTTTTTTTTTTTTTTTTTTTTTTTTAASSTTTTTTTTTTTTTTTTTTTTTTTTTTTTTTTTTTTSSTSSSSTTTTTTTTTTTTTTTTTTTTTTTTPPP
PPPTTTTTTTTTTTTTTTTTTTTTTTTAASSTTTTTTTTTTTTTTTTTTTTTTTTTTTTTTTTTTTSSTTSSTTTTTTTTTTTTTTTTTTTTTTTTTPPP
PPPTTTTTTTTTTTTTTTTTTTTTTTTTSSTTTTTTTTTTTTTTTTKTTTTTTTTTTTTTTTTTTTTSSTSSTTTTTTTTTTTTTTTTTTTTTTTTTPPP
PPPPPPPPPPPPPPPPPPPPPPPPPPPPPPPPPPPPPPPPPPPPPPPPPPPPPPPPPPPPPPPPPPPPPPPPPPPPPPPPPPPPPPPPPPPPPPPPPPPP
PPPPPPPPPPPPPPPPPPPPPPPPPPPPPPPPPPPPPPPPPPPPPPPPPPPPPPPPPPPPPPPPPPPPPPPPPPPPPPPPPPPPPPPPPPPPPPPPPPPP
PPPPPPPPPPPPPPPPPPPPPPPPPPPPPPPPPPPPPPPPPPPPPPPPPPPPPPPPPPPPPPPPPPPPPPPPPPPPPPPPPPPPPPPPPPPPPPPPPPPP
